1234567890                                   field 1: OK
ABCDEFGHIJ                                   
