1234567890                                   field 1: OK
ABCDEFGHIJ                                   field 2: Yes
                                             field 3: Sure!
