1234567890[0m                                   plugin header
ABCDEFGHIJ[0m                                   -------------
!@#$^&*()_[0m                                   
QWERTYUIOP[0m                                   
